-M
microblaze-fdt
-device
loader,file=<system_wrapper/fsbl_domain/qemu/pmufw.elf>
-machine-path
.
-display
none
